  Trwa okre┼Ťlanie projekt├│w do przywr├│cenia...
  Brak czynno┼Ťci do wykonania. ┼╗aden z wybranych projekt├│w nie zawiera pakiet├│w do przywr├│cenia.
D:\GitHub\Bricscad_AgentAI\Bricscad_AgentAI_V2\src\Core\LLMClient.cs(175,13): error CS0246: Nie mo┼╝na znale┼║─ç nazwy typu lub przestrzeni nazw ÔÇ×CancellationTokenÔÇŁ (brak dyrektywy using lub odwo┼éania do zestawu?) [D:\GitHub\Bricscad_AgentAI\Bricscad_AgentAI_V2\Bricscad_AgentAI_V2.csproj]

Kompilacja NIE POWIOD┼üA SI─ś.

D:\GitHub\Bricscad_AgentAI\Bricscad_AgentAI_V2\src\Core\LLMClient.cs(175,13): error CS0246: Nie mo┼╝na znale┼║─ç nazwy typu lub przestrzeni nazw ÔÇ×CancellationTokenÔÇŁ (brak dyrektywy using lub odwo┼éania do zestawu?) [D:\GitHub\Bricscad_AgentAI\Bricscad_AgentAI_V2\Bricscad_AgentAI_V2.csproj]
    Ostrze┼╝enia: 0
    Liczba b┼é─Öd├│w: 1

Czas, kt├│ry up┼éyn─ů┼é: 00:00:00.24
